iwmap 4
"000_Global" flags  active
"The Map" flags 
// entity 0
{
"sunisprimarylight" "1"
"contrastgain" ".5"
"brightness" ".4"
"sunlight" ".8"
"sundirection" "-30 91 0"
"sundiffusecolor" "0.4 0.6 1"
"suncolor" "0.8 0.9 1"
"diffusefraction" "0.6"
"ambient" "0.1"
"_color" "0.717647 0.776471 1.000000"
"classname" "worldspawn"
}
// entity 1
{
"origin" "-58.0 40.0 4.0"
"model" "global_rocks_piedra01"
"classname" "misc_model"
}
// entity 2
{
"angles" "0 180 0"
"origin" "-58.0 24.0 4.0"
"model" "global_rocks_piedra01"
"classname" "misc_model"
}
// entity 3
{
"origin" "-58.0 8.0 4.0"
"model" "global_rocks_piedra01"
"classname" "misc_model"
}
// entity 4
{
"angles" "0 180 0"
"origin" "-58.0 -8.0 4.0"
"model" "global_rocks_piedra01"
"classname" "misc_model"
}
// entity 5
{
"angles" "0 55 0"
"origin" "-46.0 42.0 4.0"
"model" "global_rocks_piedra01"
"classname" "misc_model"
}
// entity 6
{
"angles" "0 235 0"
"origin" "-34.0 32.0 4.0"
"model" "global_rocks_piedra01"
"classname" "misc_model"
}
// entity 7
{
"angles" "0 325 0"
"origin" "-38.0 22.0 4.0"
"model" "global_rocks_piedra01"
"classname" "misc_model"
}
// entity 8
{
"angles" "0 145 0"
"origin" "-48.0 10.0 4.0"
"model" "global_rocks_piedra01"
"classname" "misc_model"
}
// entity 9
{
"angles" "0 55 0"
"origin" "-38.0 2.0 4.0"
"model" "global_rocks_piedra01"
"classname" "misc_model"
}
// entity 10
{
"angles" "0 195 0"
"origin" "-30.0 -12.0 4.0"
"model" "global_rocks_piedra01"
"classname" "misc_model"
}
// entity 11
{
"angles" "0 180 0"
"origin" "-56.0 -24.0 4.0"
"model" "global_rocks_piedra01"
"classname" "misc_model"
}
// entity 12
{
"angles" "0 105 0"
"origin" "-26.0 -24.0 4.0"
"model" "global_rocks_piedra01"
"classname" "misc_model"
}
// entity 13
{
"origin" "-102.0 46.0 4.0"
"model" "global_rocks_piedra01"
"classname" "misc_model"
}
// entity 14
{
"angles" "0 180 0"
"origin" "-102.0 30.0 4.0"
"model" "global_rocks_piedra01"
"classname" "misc_model"
}
// entity 15
{
"origin" "-102.0 14.0 4.0"
"model" "global_rocks_piedra01"
"classname" "misc_model"
}
// entity 16
{
"angles" "0 180 0"
"origin" "-102.0 -2.0 4.0"
"model" "global_rocks_piedra01"
"classname" "misc_model"
}
// entity 17
{
"angles" "0 55 0"
"origin" "-90.0 48.0 4.0"
"model" "global_rocks_piedra01"
"classname" "misc_model"
}
// entity 18
{
"angles" "0 235 0"
"origin" "-78.0 38.0 4.0"
"model" "global_rocks_piedra01"
"classname" "misc_model"
}
// entity 19
{
"angles" "0 325 0"
"origin" "-82.0 28.0 4.0"
"model" "global_rocks_piedra01"
"classname" "misc_model"
}
// entity 20
{
"angles" "0 145 0"
"origin" "-92.0 16.0 4.0"
"model" "global_rocks_piedra01"
"classname" "misc_model"
}
// entity 21
{
"angles" "0 180 0"
"origin" "-100.0 -18.0 4.0"
"model" "global_rocks_piedra01"
"classname" "misc_model"
}
// entity 22
{
"angles" "0 55 0"
"origin" "-88.0 2.0 4.0"
"model" "global_rocks_piedra01"
"classname" "misc_model"
}
// entity 23
{
"angles" "0 235 0"
"origin" "-76.0 -8.0 4.0"
"model" "global_rocks_piedra01"
"classname" "misc_model"
}
// entity 24
{
"angles" "0 325 0"
"origin" "-80.0 -18.0 4.0"
"model" "global_rocks_piedra01"
"classname" "misc_model"
}
// entity 25
{
"angles" "0 95 0"
"origin" "-92.0 -28.0 4.0"
"model" "global_rocks_piedra01"
"classname" "misc_model"
}
// entity 26
{
"angles" "0 340 0"
"origin" "7.0 40.4 4.0"
"model" "global_rocks_piedra01"
"classname" "misc_model"
}
// entity 27
{
"angles" "0 160 0"
"origin" "1.5 25.4 4.0"
"model" "global_rocks_piedra01"
"classname" "misc_model"
}
// entity 28
{
"angles" "0 340 0"
"origin" "-3.9 10.3 4.0"
"model" "global_rocks_piedra01"
"classname" "misc_model"
}
// entity 29
{
"angles" "0 160 0"
"origin" "-9.4 -4.7 4.0"
"model" "global_rocks_piedra01"
"classname" "misc_model"
}
// entity 30
{
"angles" "0 160 0"
"origin" "-13.0 -20.4 4.0"
"model" "global_rocks_piedra01"
"classname" "misc_model"
}
// entity 31
{
"angles" "0 185 0"
"origin" "22.8 -23.8 4.0"
"model" "global_rocks_piedra01"
"classname" "misc_model"
}
// entity 32
{
"angles" "0 5.00001 0"
"origin" "21.4 -7.9 4.0"
"model" "global_rocks_piedra01"
"classname" "misc_model"
}
// entity 33
{
"angles" "0 185 0"
"origin" "19.9 8.1 4.0"
"model" "global_rocks_piedra01"
"classname" "misc_model"
}
// entity 34
{
"angles" "0 5.00001 0"
"origin" "18.6 24.0 4.0"
"model" "global_rocks_piedra01"
"classname" "misc_model"
}
// entity 35
{
"angles" "0 5.00001 0"
"origin" "15.2 39.8 4.0"
"model" "global_rocks_piedra01"
"classname" "misc_model"
}
// entity 36
{
"angles" "0 250 0"
"origin" "8.3 9.9 4.0"
"model" "global_rocks_piedra01"
"classname" "misc_model"
}
// entity 37
{
"angles" "0 340 0"
"origin" "61.0 38.4 4.0"
"model" "global_rocks_piedra01"
"classname" "misc_model"
}
// entity 38
{
"angles" "0 160 0"
"origin" "55.5 23.4 4.0"
"model" "global_rocks_piedra01"
"classname" "misc_model"
}
// entity 39
{
"angles" "0 340 0"
"origin" "50.1 8.3 4.0"
"model" "global_rocks_piedra01"
"classname" "misc_model"
}
// entity 40
{
"angles" "0 160 0"
"origin" "44.6 -6.7 4.0"
"model" "global_rocks_piedra01"
"classname" "misc_model"
}
// entity 41
{
"angles" "0 160 0"
"origin" "39.0 -22.4 4.0"
"model" "global_rocks_piedra01"
"classname" "misc_model"
}
// entity 42
{
"angles" "0 200 0"
"origin" "62.9 -21.7 4.0"
"model" "global_rocks_piedra01"
"classname" "misc_model"
}
// entity 43
{
"angles" "0 20 0"
"origin" "57.5 -6.7 4.0"
"model" "global_rocks_piedra01"
"classname" "misc_model"
}
// entity 44
{
"angles" "0 20 0"
"origin" "40.5 19.4 4.0"
"model" "global_rocks_piedra01"
"classname" "misc_model"
}
// entity 45
{
"angles" "0 20 0"
"origin" "33.1 33.7 4.0"
"model" "global_rocks_piedra01"
"classname" "misc_model"
}
// entity 46
{
"angles" "0 355 0"
"origin" "86.8 44.0 4.0"
"model" "global_rocks_piedra01"
"classname" "misc_model"
}
// entity 47
{
"angles" "0 355 0"
"origin" "84.1 12.1 4.0"
"model" "global_rocks_piedra01"
"classname" "misc_model"
}
// entity 48
{
"angles" "0 175 0"
"origin" "82.6 -3.9 4.0"
"model" "global_rocks_piedra01"
"classname" "misc_model"
}
// entity 49
{
"angles" "0 175 0"
"origin" "83.2 -20.0 4.0"
"model" "global_rocks_piedra01"
"classname" "misc_model"
}
